// Jest Snapshot v1, https://goo.gl/fbAQLP

exports[`getWedYoutubeVideos fetches youtube data 1`] = `21`;
